{
    "cnvs_bed_filter - NO chromosome filter": {
        "content": [
            {
                "0": [
                    "Twist_Exome_Target_hg38_nocontigs.bed_annotated.min200bp.cnv.bed:md5,4fb0bb0996fe8a35078d302e32d90a60"
                ],
                "cnvs_bed": [
                    "Twist_Exome_Target_hg38_nocontigs.bed_annotated.min200bp.cnv.bed:md5,4fb0bb0996fe8a35078d302e32d90a60"
                ]
            }
        ],
        "meta": {
            "nf-test": "0.9.2",
            "nextflow": "25.04.6"
        },
        "timestamp": "2026-05-26T09:20:34.378008307"
    },
    "cnvs_bed_filter - with chromosome filter": {
        "content": [
            {
                "0": [
                    "Twist_Exome_Target_hg38_nocontigs.bed_annotated.min200bp.cnv.bed:md5,7898a80dd32b337984a8c2be3bee511f"
                ],
                "cnvs_bed": [
                    "Twist_Exome_Target_hg38_nocontigs.bed_annotated.min200bp.cnv.bed:md5,7898a80dd32b337984a8c2be3bee511f"
                ]
            }
        ],
        "meta": {
            "nf-test": "0.9.2",
            "nextflow": "25.04.6"
        },
        "timestamp": "2026-05-26T09:20:27.723417959"
    }
}