{
    "postvep with GLOWgenes github - vcf ": {
        "content": [
            {
                "0": [
                    [
                        {
                            "id": "test"
                        },
                        "test.hg38.SNV.INDEL.annotated.tsv:md5,4944b0d79e97b5b31303ab7b4c55c38e"
                    ]
                ],
                "pvm_tsv": [
                    [
                        {
                            "id": "test"
                        },
                        "test.hg38.SNV.INDEL.annotated.tsv:md5,4944b0d79e97b5b31303ab7b4c55c38e"
                    ]
                ]
            }
        ],
        "meta": {
            "nf-test": "0.9.2",
            "nextflow": "24.04.4"
        },
        "timestamp": "2025-07-03T09:53:21.125167952"
    },
    "postvep with no GLOWgenes, GLOWScore and no AUTOMAP - vcf ": {
        "content": [
            {
                "0": [
                    [
                        {
                            "id": "test"
                        },
                        "test.hg38.SNV.INDEL.annotated.tsv:md5,59c33e98e5e155c1d6207612a9353bd8"
                    ]
                ],
                "pvm_tsv": [
                    [
                        {
                            "id": "test"
                        },
                        "test.hg38.SNV.INDEL.annotated.tsv:md5,59c33e98e5e155c1d6207612a9353bd8"
                    ]
                ]
            }
        ],
        "meta": {
            "nf-test": "0.9.2",
            "nextflow": "24.04.4"
        },
        "timestamp": "2025-07-03T09:54:07.2930898"
    },
    "postvep with NO GLOWgenes, not GLOWScore and no AUTOMAP - vcf ": {
        "content": [
            {
                "0": [
                    [
                        {
                            "id": "test"
                        },
                        "test.hg38.SNV.INDEL.annotated.tsv:md5,83985c01c76cc48c05108f4360e2fe31"
                    ]
                ],
                "pvm_tsv": [
                    [
                        {
                            "id": "test"
                        },
                        "test.hg38.SNV.INDEL.annotated.tsv:md5,83985c01c76cc48c05108f4360e2fe31"
                    ]
                ]
            }
        ],
        "meta": {
            "nf-test": "0.9.2",
            "nextflow": "24.04.4"
        },
        "timestamp": "2025-07-03T09:53:43.538292802"
    },
    "postvep with GLOWgenes, not GLOWScore and no AUTOMAP - vcf ": {
        "content": [
            {
                "0": [
                    [
                        {
                            "id": "test"
                        },
                        "test.hg38.SNV.INDEL.annotated.tsv:md5,b16447e707c222e0e4460e7d7cbff6fa"
                    ]
                ],
                "pvm_tsv": [
                    [
                        {
                            "id": "test"
                        },
                        "test.hg38.SNV.INDEL.annotated.tsv:md5,b16447e707c222e0e4460e7d7cbff6fa"
                    ]
                ]
            }
        ],
        "meta": {
            "nf-test": "0.9.2",
            "nextflow": "24.04.4"
        },
        "timestamp": "2025-07-03T09:54:30.555574669"
    }
}