{
    "gatk_trio_vcf - three samples": {
        "content": [
            {
                "0": [
                    [
                        {
                            "id": "joint_variant_calling",
                            "samples": [
                                "sample2_mother",
                                "sample3_child",
                                "sample1_father"
                            ],
                            "sample_count": 3
                        },
                        "joint_variant_calling.gatk.PASS.vcf.gz:md5,54630fd14a439c50f41baaae228c08f8",
                        "joint_variant_calling.gatk.PASS.vcf.gz.tbi:md5,6dba91748febecab0371836408ff5ac8"
                    ]
                ],
                "1": [
                    "versions.yml:md5,05bec2fa7388dd27228b4bd1ad4f34bf",
                    "versions.yml:md5,1582383cb46789aff840ab7b4d010a73",
                    "versions.yml:md5,1fce0729b06abba7a681e153298a444c",
                    "versions.yml:md5,2d1c68ffdb67ba71ca82db345e5bcb0e",
                    "versions.yml:md5,3206879867c823204ab00fcbbed32714",
                    "versions.yml:md5,4ff24260bb047ac6f911721e74f1701d",
                    "versions.yml:md5,66749257146ead09e960eff355164d78",
                    "versions.yml:md5,92700e62d2a10d20c01fcd62963b077a",
                    "versions.yml:md5,e6b4ce3ffdb921b48fd81f502caf0cb9",
                    "versions.yml:md5,e744d60cfdf265fc59a006775ac6a8b9"
                ],
                "vcf": [
                    [
                        {
                            "id": "joint_variant_calling",
                            "samples": [
                                "sample2_mother",
                                "sample3_child",
                                "sample1_father"
                            ],
                            "sample_count": 3
                        },
                        "joint_variant_calling.gatk.PASS.vcf.gz:md5,54630fd14a439c50f41baaae228c08f8",
                        "joint_variant_calling.gatk.PASS.vcf.gz.tbi:md5,6dba91748febecab0371836408ff5ac8"
                    ]
                ],
                "versions": [
                    "versions.yml:md5,05bec2fa7388dd27228b4bd1ad4f34bf",
                    "versions.yml:md5,1582383cb46789aff840ab7b4d010a73",
                    "versions.yml:md5,1fce0729b06abba7a681e153298a444c",
                    "versions.yml:md5,2d1c68ffdb67ba71ca82db345e5bcb0e",
                    "versions.yml:md5,3206879867c823204ab00fcbbed32714",
                    "versions.yml:md5,4ff24260bb047ac6f911721e74f1701d",
                    "versions.yml:md5,66749257146ead09e960eff355164d78",
                    "versions.yml:md5,92700e62d2a10d20c01fcd62963b077a",
                    "versions.yml:md5,e6b4ce3ffdb921b48fd81f502caf0cb9",
                    "versions.yml:md5,e744d60cfdf265fc59a006775ac6a8b9"
                ]
            }
        ],
        "meta": {
            "nf-test": "0.9.2",
            "nextflow": "25.04.6"
        },
        "timestamp": "2025-07-17T09:36:35.259508145"
    }
}