{
    "homo_sapiens - [vcf, tbi, [], ped]": {
        "content": [
            {
                "0": [
                    [
                        {
                            "id": "test"
                        },
                        "test.trio_annotated.vcf.gz:md5,08f009b25218fc4963898eedc6aa9cc2"
                    ]
                ],
                "1": [
                    [
                        {
                            "id": "test"
                        },
                        "test.trio_annotated.vcf.gz.tbi:md5,153f3e5400e59734c6468be9f1f77b66"
                    ]
                ],
                "2": [
                    "versions.yml:md5,614f94b2f7e8f23d8c0264f5ee666282"
                ],
                "tbi": [
                    [
                        {
                            "id": "test"
                        },
                        "test.trio_annotated.vcf.gz.tbi:md5,153f3e5400e59734c6468be9f1f77b66"
                    ]
                ],
                "vcf": [
                    [
                        {
                            "id": "test"
                        },
                        "test.trio_annotated.vcf.gz:md5,08f009b25218fc4963898eedc6aa9cc2"
                    ]
                ],
                "versions": [
                    "versions.yml:md5,614f94b2f7e8f23d8c0264f5ee666282"
                ]
            }
        ],
        "meta": {
            "nf-test": "0.9.2",
            "nextflow": "25.04.6"
        },
        "timestamp": "2025-09-01T11:51:30.590901882"
    }
}