{
    "automap - vcf": {
        "content": [
            {
                "0": [
                    [
                        {
                            "id": "test"
                        },
                        "NA12878-HG001_T1.HomRegions.tsv:md5,cf1c221841083aa36fc8829813a3b8ae"
                    ]
                ],
                "1": [
                    "automap_execution_log.txt:md5,ff6eb57c487f969f68437c0e93e5fa07"
                ],
                "automap": [
                    [
                        {
                            "id": "test"
                        },
                        "NA12878-HG001_T1.HomRegions.tsv:md5,cf1c221841083aa36fc8829813a3b8ae"
                    ]
                ],
                "log_file": [
                    "automap_execution_log.txt:md5,ff6eb57c487f969f68437c0e93e5fa07"
                ]
            }
        ],
        "meta": {
            "nf-test": "0.9.2",
            "nextflow": "24.04.4"
        },
        "timestamp": "2025-06-24T12:55:51.794037967"
    },
    "automap not working - vcf": {
        "content": [
            {
                "0": [
                    
                ],
                "1": [
                    "automap_execution_log.txt:md5,1318dd6f658960eb6c4146b5ca552c69"
                ],
                "automap": [
                    
                ],
                "log_file": [
                    "automap_execution_log.txt:md5,1318dd6f658960eb6c4146b5ca552c69"
                ]
            }
        ],
        "meta": {
            "nf-test": "0.9.2",
            "nextflow": "24.04.4"
        },
        "timestamp": "2025-06-24T12:56:03.098975078"
    }
}