{
    "annotation local cache - vcf": {
        "content": [
            {
                "0": [
                    [
                        {
                            "id": "test"
                        },
                        "test.hg38.SNV.INDEL.annotated.tsv:md5,4944b0d79e97b5b31303ab7b4c55c38e"
                    ]
                ],
                "1": [
                    "versions.yml:md5,1a72c9e85c065be779a12a8fe91732d8",
                    "versions.yml:md5,867ea1c56daa4de47bdd9cd23bb942d9",
                    "versions.yml:md5,ef4a7940a9596752ce3a0a284652ecfa"
                ],
                "tsv": [
                    [
                        {
                            "id": "test"
                        },
                        "test.hg38.SNV.INDEL.annotated.tsv:md5,4944b0d79e97b5b31303ab7b4c55c38e"
                    ]
                ],
                "versions": [
                    "versions.yml:md5,1a72c9e85c065be779a12a8fe91732d8",
                    "versions.yml:md5,867ea1c56daa4de47bdd9cd23bb942d9",
                    "versions.yml:md5,ef4a7940a9596752ce3a0a284652ecfa"
                ]
            }
        ],
        "meta": {
            "nf-test": "0.9.2",
            "nextflow": "24.04.4"
        },
        "timestamp": "2025-07-03T14:00:55.613751099"
    },
    "annotation download cache - vcf": {
        "content": [
            {
                "0": [
                    [
                        {
                            "id": "test"
                        },
                        "test.hg38.SNV.INDEL.annotated.tsv:md5,4944b0d79e97b5b31303ab7b4c55c38e"
                    ]
                ],
                "1": [
                    "versions.yml:md5,1a72c9e85c065be779a12a8fe91732d8",
                    "versions.yml:md5,867ea1c56daa4de47bdd9cd23bb942d9",
                    "versions.yml:md5,ef4a7940a9596752ce3a0a284652ecfa"
                ],
                "tsv": [
                    [
                        {
                            "id": "test"
                        },
                        "test.hg38.SNV.INDEL.annotated.tsv:md5,4944b0d79e97b5b31303ab7b4c55c38e"
                    ]
                ],
                "versions": [
                    "versions.yml:md5,1a72c9e85c065be779a12a8fe91732d8",
                    "versions.yml:md5,867ea1c56daa4de47bdd9cd23bb942d9",
                    "versions.yml:md5,ef4a7940a9596752ce3a0a284652ecfa"
                ]
            }
        ],
        "meta": {
            "nf-test": "0.9.2",
            "nextflow": "24.04.4"
        },
        "timestamp": "2025-07-03T13:22:52.303051875"
    }
}