{
    "deep_variant_vcf - bam": {
        "content": [
            {
                "0": [
                    
                ],
                "1": [
                    
                ],
                "vcf": [
                    
                ],
                "versions": [
                    
                ]
            }
        ],
        "meta": {
            "nf-test": "0.9.2",
            "nextflow": "24.10.5"
        },
        "timestamp": "2025-03-27T15:57:11.845515547"
    }
}